<html>
<body>
<pre>
<h1>礦ision Build Log</h1>
<h2>Tool Versions:</h2>
IDE-Version: μVision V5.20.0.39
Copyright (C) 2016 ARM Ltd and ARM Germany GmbH. All rights reserved.
License Information: qwe 17677, qwe, LIC=UB412-97GXT-KSRYM-XV5AW-2CWLT-9AJ3C
 
Tool Versions:
Toolchain:       MDK-ARM Professional  Version: 5.21a
Toolchain Path:  D:\MDK514\ARM\ARMCC\Bin
C Compiler:      Armcc.exe V5.06 update 3 (build 300)
Assembler:       Armasm.exe V5.06 update 3 (build 300)
Linker/Locator:  ArmLink.exe V5.06 update 3 (build 300)
Library Manager: ArmAr.exe V5.06 update 3 (build 300)
Hex Converter:   FromElf.exe V5.06 update 3 (build 300)
CPU DLL:         SARMCM3.DLL V5.21a
Dialog DLL:      DCM.DLL V1.13.8.0
Target DLL:      Segger\JL2CM3.dll V2.99.23.0
Dialog DLL:      TCM.DLL V1.14.14.0
 
<h2>Project:</h2>
D:\桌面\项目\Intelligent-Garbage-Can\USER\STemWin.uvprojx
Project File Date:  03/17/2019

<h2>Output:</h2>
*** Using Compiler 'V5.06 update 3 (build 300)', folder: 'D:\MDK514\ARM\ARMCC\Bin'
Build target 'STemWin MCULCD'
compiling My_gui.c...
..\EMWIN_DEMO\LJT\My_gui.c(819): warning:  #550-D: variable "hWin" was set but never used
  	WM_HWIN hWin;
..\EMWIN_DEMO\LJT\My_gui.c: 1 warning, 0 errors
linking...
Program Size: Code=168684 RO-data=93740 RW-data=3984 ZI-data=24434200  
FromELF: creating hex file...
"..\OBJ\Tempate.axf" - 0 Error(s), 1 Warning(s).

<h2>Collection of Component include folders:</h2>
  D:\桌面\项目\Intelligent-Garbage-Can\USER\RTE
  D:\MDK514\ARM\PACK\Keil\STM32F4xx_DFP\2.9.0\Drivers\CMSIS\Device\ST\STM32F4xx\Include

<h2>Collection of Component Files used:</h2>
Build Time Elapsed:  00:00:14
</pre>
</body>
</html>
